Flutter crash report.
Please report a bug at https://github.com/flutter/flutter/issues.

## command

flutter drive --driver=test_driver/integration_test.dart --target=test/llama_mobile_vd_flutter_sdk_test.dart --device-id 00008140-000A60DA1491801C

## exception

_TypeError: type 'Null' is not a subtype of type 'IOSApp' of 'package'

```
#0      IOSDevice.startApp (package:flutter_tools/src/ios/devices.dart:470:12)
#1      FlutterDriverService.start (package:flutter_tools/src/drive/drive_service.dart:180:29)
<asynchronous suspension>
#2      DriveCommand.runCommand (package:flutter_tools/src/commands/drive.dart:335:9)
<asynchronous suspension>
#3      FlutterCommand.run.<anonymous closure> (package:flutter_tools/src/runner/flutter_command.dart:1581:27)
<asynchronous suspension>
#4      AppContext.run.<anonymous closure> (package:flutter_tools/src/base/context.dart:154:19)
<asynchronous suspension>
#5      CommandRunner.runCommand (package:args/command_runner.dart:212:13)
<asynchronous suspension>
#6      FlutterCommandRunner.runCommand.<anonymous closure> (package:flutter_tools/src/runner/flutter_command_runner.dart:503:9)
<asynchronous suspension>
#7      AppContext.run.<anonymous closure> (package:flutter_tools/src/base/context.dart:154:19)
<asynchronous suspension>
#8      FlutterCommandRunner.runCommand (package:flutter_tools/src/runner/flutter_command_runner.dart:438:5)
<asynchronous suspension>
#9      run.<anonymous closure>.<anonymous closure> (package:flutter_tools/runner.dart:98:11)
<asynchronous suspension>
#10     AppContext.run.<anonymous closure> (package:flutter_tools/src/base/context.dart:154:19)
<asynchronous suspension>
#11     main (package:flutter_tools/executable.dart:101:3)
<asynchronous suspension>
```

## flutter doctor

```
[32m[✓][39m Flutter (Channel stable, 3.35.7, on macOS 15.6.1 24G90 darwin-arm64, locale en-US) [103ms]
    [32m•[39m Flutter version 3.35.7 on channel stable at /Users/shileipeng/Documents/flutter
    [32m•[39m Upstream repository https://github.com/flutter/flutter.git
    [32m•[39m Framework revision adc9010625 (3 months ago), 2025-10-21 14:16:03 -0400
    [32m•[39m Engine revision 035316565a
    [32m•[39m Dart version 3.9.2
    [32m•[39m DevTools version 2.48.0
    [32m•[39m Feature flags: enable-web, enable-linux-desktop, enable-macos-desktop, enable-windows-desktop, enable-android,
      enable-ios, cli-animations, enable-lldb-debugging

[33m[!][39m Android toolchain - develop for Android devices (Android SDK version 36.1.0) [14.4s]
    [32m•[39m Android SDK at /Users/shileipeng/Library/Android/sdk
    [32m•[39m Emulator version 36.3.10.0 (build_id 14472402) (CL:N/A)
    [32m•[39m Platform android-36.1, build-tools 36.1.0
    [32m•[39m ANDROID_HOME = /Users/shileipeng/Library/Android/sdk
    [32m•[39m Java binary at: /Applications/Android Studio.app/Contents/jbr/Contents/Home/bin/java
      This is the JDK bundled with the latest Android Studio installation on this machine.
      To manually set the JDK path, use: `flutter config --jdk-dir="path/to/jdk"`.
    [32m•[39m Java version OpenJDK Runtime Environment (build 21.0.8+-14196175-b1038.72)
    [33m![39m Some Android licenses not accepted. To resolve this, run: flutter doctor --android-licenses

[32m[✓][39m Xcode - develop for iOS and macOS (Xcode 26.2) [433ms]
    [32m•[39m Xcode at /Applications/Xcode.app/Contents/Developer
    [32m•[39m Build 17C52
    [32m•[39m CocoaPods version 1.16.2

[32m[✓][39m Chrome - develop for the web [23ms]
    [32m•[39m Chrome at /Applications/Google Chrome.app/Contents/MacOS/Google Chrome

[32m[✓][39m Android Studio (version 2025.2) [23ms]
    [32m•[39m Android Studio at /Applications/Android Studio.app/Contents
    [32m•[39m Flutter plugin can be installed from:
      🔨 https://plugins.jetbrains.com/plugin/9212-flutter
    [32m•[39m Dart plugin can be installed from:
      🔨 https://plugins.jetbrains.com/plugin/6351-dart
    [32m•[39m Java version OpenJDK Runtime Environment (build 21.0.8+-14196175-b1038.72)

[32m[✓][39m IntelliJ IDEA Ultimate Edition (version 2023.2.2) [22ms]
    [32m•[39m IntelliJ at /Applications/IntelliJ IDEA.app
    [32m•[39m Flutter plugin can be installed from:
      🔨 https://plugins.jetbrains.com/plugin/9212-flutter
    [32m•[39m Dart plugin can be installed from:
      🔨 https://plugins.jetbrains.com/plugin/6351-dart

[32m[✓][39m VS Code (version 1.107.1) [3ms]
    [32m•[39m VS Code at /Applications/Visual Studio Code.app/Contents
    [32m•[39m Flutter extension version 3.126.0

[32m[✓][39m Connected device (3 available) [6.0s]
    [32m•[39m AP16PM (mobile) • 00008140-000A60DA1491801C • ios            • iOS 18.7.1 22H31
    [32m•[39m macOS (desktop) • macos                     • darwin-arm64   • macOS 15.6.1 24G90 darwin-arm64
    [32m•[39m Chrome (web)    • chrome                    • web-javascript • Google Chrome 144.0.7559.96
    [33m![39m Error: Browsing on the local area network for iPhone (3). Ensure the device is unlocked and attached with a cable or
      associated with the same local area network as this Mac.
      The device must be opted into Developer Mode to connect wirelessly. (code -27)

[33m[!][39m Network resources [90.3s]
    [31m✗[39m A network error occurred while checking "https://maven.google.com/": Operation timed out
    [31m✗[39m An HTTP error occurred while checking "https://github.com/": Connection closed before full header was received

[33m![39m Doctor found issues in 2 categories.
```
